// Jest Snapshot v1, https://goo.gl/fbAQLP

exports[`Shallow AddActivity Should render correctly 1`] = `
<div
  className="container"
>
  <form>
    <div
      className="form-group"
    >
      <label
        for="exampleFormControlTextarea1"
      >
        What do you need to do?
      </label>
      <textarea
        className="form-control"
        id="exampleFormControlTextarea1"
        name="activityName"
        onChange={[Function]}
        rows="2"
      />
    </div>
    <div
      className="form-group"
    >
      <label
        for="exampleFormControlSelect1"
      >
        Frequency
      </label>
      <select
        className="form-control"
        id="exampleFormControlSelect1"
        name="frequency"
        onChange={[Function]}
      >
        <option
          value="Daily"
        >
          Daily
        </option>
        <option
          value="Weekly"
        >
          Weekly
        </option>
        <option
          value="Monthly"
        >
          Monthly
        </option>
      </select>
    </div>
    <div
      className="form-group form-check"
    >
      <input
        className="form-check-input"
        id="exampleCheck1"
        name="priority"
        onClick={[Function]}
        type="checkbox"
      />
      <label
        className="form-check-label"
        for="exampleCheck1"
      >
        Is this habit important?
      </label>
    </div>
    <button
      className="btn btn-primary"
      id="addActivityButton"
      onClick={[Function]}
      type="button"
    >
      Add
    </button>
  </form>
</div>
`;
