// Jest Snapshot v1, https://goo.gl/fbAQLP

exports[`shallow app should render correctly 1`] = `
<Component>
  <div
    className="app"
  >
    <h1>
      Welcome to your favorite habit tracker!
    </h1>
    <Login
      checkCredentials={[Function]}
    />
    <Signup
      signup={[Function]}
    />
  </div>
</Component>
`;
