// Jest Snapshot v1, https://goo.gl/fbAQLP

exports[`shallow Login should render correctly 1`] = `
<div
  className="login"
>
  <h3>
    Sign in
  </h3>
  <div
    className="container"
  >
    <div
      className="form-group"
    >
      <label
        for="exampleInputEmail1"
      >
        Username
      </label>
      <input
        aria-describedby="emailHelp"
        className="form-control"
        id="exampleInputEmail1"
        name="userName"
        onChange={[Function]}
        placeholder="Username"
        type="text"
      />
    </div>
    <div
      className="form-group"
    >
      <label
        for="exampleInputPassword1"
      >
        Password
      </label>
      <input
        className="form-control"
        id="exampleInputPassword1"
        name="password"
        onChange={[Function]}
        placeholder="Password"
        type="password"
      />
      <small
        className="form-text text-muted"
        id="emailHelp"
      >
        We'll never share your password with anyone else.
      </small>
    </div>
  </div>
  <button
    className="btn btn-primary"
    onClick={[Function]}
    type="submit"
  >
    Submit
  </button>
</div>
`;
