// Jest Snapshot v1, https://goo.gl/fbAQLP

exports[`shallow Login should render correctly 1`] = `
<div>
  <form>
    <label
      for="userName"
    >
      Username
      <input
        className="userName"
        name="userName"
        type="text"
      />
    </label>
    <label
      for="password"
    >
      Password
      <input
        className="password"
        name="password"
        type="text"
      />
    </label>
    <button
      id="loginButton"
      type="submit"
    >
      Log in
    </button>
  </form>
</div>
`;
