// Jest Snapshot v1, https://goo.gl/fbAQLP

exports[`shallow Login should render correctly 1`] = `
<div>
  <h4>
    If you're a first-time visitor, sign up below!
  </h4>
  <div
    className="signup"
  >
    <form
      clasName="needs-validation"
      novalidate={true}
    >
      <div
        clasName="form-row"
      >
        <div
          clasName="col-md-4 mb-3"
        >
          <input
            clasName="form-control"
            id="validationCustom01"
            name="fn"
            onChange={[Function]}
            placeholder="First name"
            required={true}
            type="text"
          />
        </div>
      </div>
      <div
        clasName="col-md-4 mb-3"
      >
        <input
          clasName="form-control"
          id="validationCustom02"
          name="ln"
          onChange={[Function]}
          placeholder="Last name"
          required={true}
          type="text"
        />
      </div>
      <div
        clasName="col-md-4 mb-3"
      >
        <input
          clasName="form-control"
          id="validationCustom02"
          name="userName"
          onChange={[Function]}
          placeholder="Username"
          required={true}
          type="text"
        />
      </div>
      <div
        clasName="col-md-4 mb-3"
      >
        <input
          clasName="form-control"
          id="validationCustom03"
          name="password"
          onChange={[Function]}
          placeholder="Password"
          required={true}
          type="password"
        />
      </div>
      <div
        clasName="form-row"
      >
        <div
          clasName="col-md-6 mb-3"
        >
          <button
            className="btn btn-primary"
            onClick={[Function]}
            type="submit"
          >
            Sign up
          </button>
        </div>
      </div>
    </form>
  </div>
</div>
`;
